Thu Jul 16 07:34:50 UTC 2026
81fd4bc9a8f920ce49e47f525c467e4904f94210
Linux ns5028217 6.8.0-124-generic #124-Ubuntu SMP PREEMPT_DYNAMIC Tue May 26 13:00:45 UTC 2026 x86_64 x86_64 x86_64 GNU/Linux
Architecture:                            x86_64
CPU op-mode(s):                          32-bit, 64-bit
Address sizes:                           39 bits physical, 48 bits virtual
Byte Order:                              Little Endian
CPU(s):                                  16
On-line CPU(s) list:                     0-15
Vendor ID:                               GenuineIntel
Model name:                              Intel(R) Xeon(R) E-2388G CPU @ 3.20GHz
CPU family:                              6
Model:                                   167
Thread(s) per core:                      2
Core(s) per socket:                      8
Socket(s):                               1
Stepping:                                1
CPU(s) scaling MHz:                      38%
CPU max MHz:                             5100.0000
CPU min MHz:                             800.0000
BogoMIPS:                                6384.00
Flags:                                   fpu vme de pse tsc msr pae mce cx8 apic sep mtrr pge mca cmov pat pse36 clflush dts acpi mmx fxsr sse sse2 ss ht tm pbe syscall nx pdpe1gb rdtscp lm constant_tsc art arch_perfmon pebs bts rep_good nopl xtopology nonstop_tsc cpuid aperfmperf tsc_known_freq pni pclmulqdq dtes64 monitor ds_cpl vmx smx est tm2 ssse3 sdbg fma cx16 xtpr pdcm pcid sse4_1 sse4_2 x2apic movbe popcnt tsc_deadline_timer aes xsave avx f16c rdrand lahf_lm abm 3dnowprefetch cpuid_fault epb ssbd ibrs ibpb stibp ibrs_enhanced tpr_shadow flexpriority ept vpid ept_ad fsgsbase tsc_adjust sgx bmi1 avx2 smep bmi2 erms invpcid mpx avx512f avx512dq rdseed adx smap avx512ifma clflushopt intel_pt avx512cd sha_ni avx512bw avx512vl xsaveopt xsavec xgetbv1 xsaves dtherm ida arat pln pts hwp hwp_notify hwp_act_window hwp_epp hwp_pkg_req vnmi avx512vbmi umip pku ospke avx512_vbmi2 gfni vaes vpclmulqdq avx512_vnni avx512_bitalg avx512_vpopcntdq rdpid sgx_lc fsrm md_clear flush_l1d arch_capabilities
Virtualization:                          VT-x
L1d cache:                               384 KiB (8 instances)
L1i cache:                               256 KiB (8 instances)
L2 cache:                                4 MiB (8 instances)
L3 cache:                                16 MiB (1 instance)
NUMA node(s):                            1
NUMA node0 CPU(s):                       0-15
Vulnerability Gather data sampling:      Mitigation; Microcode
Vulnerability Indirect target selection: Mitigation; Aligned branch/return thunks
Vulnerability Itlb multihit:             Not affected
Vulnerability L1tf:                      Not affected
Vulnerability Mds:                       Not affected
Vulnerability Meltdown:                  Not affected
Vulnerability Mmio stale data:           Mitigation; Clear CPU buffers; SMT vulnerable
Vulnerability Reg file data sampling:    Not affected
Vulnerability Retbleed:                  Mitigation; Enhanced IBRS
Vulnerability Spec rstack overflow:      Not affected
Vulnerability Spec store bypass:         Mitigation; Speculative Store Bypass disabled via prctl
Vulnerability Spectre v1:                Mitigation; usercopy/swapgs barriers and __user pointer sanitization
Vulnerability Spectre v2:                Mitigation; Enhanced / Automatic IBRS; IBPB conditional; PBRSB-eIBRS SW sequence; BHI SW loop, KVM SW loop
Vulnerability Srbds:                     Not affected
Vulnerability Tsa:                       Not affected
Vulnerability Tsx async abort:           Not affected
Vulnerability Vmscape:                   Not affected
               total        used        free      shared  buff/cache   available
Mem:            62Gi       2.0Gi        51Gi       2.4Mi       9.5Gi        60Gi
Swap:          1.0Gi       483Mi       540Mi
NAME        MODEL                      ROTA TYPE    SIZE MOUNTPOINTS
loop0                                     0 loop   50.1M /snap/snapd/27406
loop1                                     0 loop   66.8M /snap/core24/1643
loop2                                     0 loop   20.7M /snap/helix/120
nvme1n1     SAMSUNG MZQL2960HCJR-00A07    0 disk  894.3G
├─nvme1n1p1                               0 part    511M /boot/efi
├─nvme1n1p2                               0 part      1G
│ └─md2                                   0 raid1  1022M /boot
├─nvme1n1p3                               0 part  892.3G
│ └─md3                                   0 raid1 892.1G /
└─nvme1n1p4                               0 part    512M [SWAP]
nvme0n1     SAMSUNG MZQL2960HCJR-00A07    0 disk  894.3G
├─nvme0n1p1                               0 part    511M
├─nvme0n1p2                               0 part      1G
│ └─md2                                   0 raid1  1022M /boot
├─nvme0n1p3                               0 part  892.3G
│ └─md3                                   0 raid1 892.1G /
├─nvme0n1p4                               0 part    512M [SWAP]
└─nvme0n1p5                               0 part      2M
/dev/md3 ext4   rw,relatime,stripe=32
governor=powersave
no_turbo=0
crw-rw---- 1 root sgx     10, 258 Jul  7 07:32 /dev/sgx_enclave
crw-rw---- 1 root sgx_prv 10, 257 Jul  7 07:32 /dev/sgx_provision
crw-rw---- 1 root sgx     10, 259 Jul  7 07:32 /dev/sgx_vepc

/dev/sgx:
total 0
lrwxrwxrwx 1 root root 14 Jun 11 12:26 enclave -> ../sgx_enclave
lrwxrwxrwx 1 root root 16 Jun 11 12:26 provision -> ../sgx_provision
rustc 1.96.0 (ac68faa20 2026-05-25)
cargo 1.96.0 (30a34c682 2026-05-25)
1.96.0-x86_64-unknown-linux-gnu (overridden by '/home/ubuntu/outbe-chain/rust-toolchain.toml')
 07:34:50 up 34 days, 19:08,  6 users,  load average: 5.21, 4.25, 1.85
    PID COMMAND         %CPU %MEM
 677012 2.1.204          5.4  0.2
  66005 herdr            2.1  0.0
 832267 claude           0.6  0.1
 676937 2.1.204          0.5  0.0
 160812 node-MainThread  0.4  0.0
2561820 sshd             0.2  0.0
2548054 kworker/u32:1-m  0.2  0.0
 885273 2.1.205          0.0  0.1
 885213 2.1.205          0.0  0.0
3174856 containerd       0.0  0.0
2548351 kworker/u32:2-f  0.0  0.0
    139 ksgxd            0.0  0.0
    457 jbd2/md3-8       0.0  0.0
2546688 kworker/u32:4-e  0.0  0.0
    362 md3_raid1        0.0  0.0
     17 rcu_preempt      0.0  0.0
2560068 kworker/u32:5-w  0.0  0.0
   1384 dockerd          0.0  0.0
2548286 bash             0.0  0.0
measured_path_enters_sgx=no
